links --
1. https://docs.github.com/en/migrations/importing-source-code/using-the-command-line-to-import-source-code/adding-locally-hosted-code-to-github

## installation - install gitbash  and add it to syatem variable

## open git bash .. navigate to your Project directory

$ git  init -b main
$ git add . && commit -m "<Your Commit message>"

# make a new resository
$ gh repo create "<Name of Resository>" [Flags]

flags include 
--private
--public
-s, --source <string>
Specify path to local repository to use as source
-r, --remote <string>
Specify remote name for the new repository

OR if you are making reposito in github Main will be default branch
$ git init -b main
$ git add .
$ git commit -m "First commit"

$ git remote add origin <REMOTE_URL>
# Sets the new remote
$ git remote -v
# Verifies the new remote URL

$ git push origin main
## or
$ git push -u origin main


## branch inside branch
## open the brach V1.2
$ git checkput V1.2
## make and enter that branch
$ git checkout -b <branch name>
eg $ git checkout -b V1.2.1

## if fatal error
$ git push --force origin maingipp

## to create a branch 
$ git branch <name of branch>  
$ git checkout <name of branch>

# if we are goint to commit any changes here it wont effect master branch
# checkout will call the branch if it's main or any name of branch 

###### merge branch to master code base ####
git merge <name of the branch>

#### remote repository on cloud ####
# create repo on github "test"
			# giving it name here
$ git remote add main <URL-github>

## lets suppose i have branches so
		# name just given above and which branch you want to push it to  
git push -u main main

## for pushing branches into main/master
git push origin <branch name>

##for creating and dierctly entering to branch 
git checkout -b <branch_name>

# creating branch inside branch
# enter into version V1.2
$ git checkout V1.2
## make a brach in V1.2 which is inside Master
$ git checkour -b <name of brach> V1.2
eg $ git checkput -b V1.2.1 V1.2

################ fetching udates from remote directory ###############

### fetch data to update local repo guidelines
$ git fetch origin #update your data
## checkput to branch you want to update

         (loacl repo anme) (remote branch name)
$ git checkout -b viresh origin/viresh - this will automatically create a new branh in your local repo 

## pushing this branch
$ git push -u origin viresh(search and upate this brach only)

## if names are different 
git push -u <remote> <local-branch-name>:<remote-branch-name>

## if it is a sub branch of a branch
git push -u <remote> <local-branch-name>:<remote-parent-branch-name>/<remote-branch-name>


### for pishing large files >100 mb see 
https://git-lfs.com/

